// Jest Snapshot v1, https://goo.gl/fbAQLP

exports[`Basic renders correctly 1`] = `
<div>
  <h1>
    Anywhere in your app!
  </h1>
  <form
    onSubmit={[Function]}
  >
    <input
      name="email"
      onBlur={[Function]}
      onChange={[Function]}
      type="email"
      value=""
    />
    <input
      name="password"
      onBlur={[Function]}
      onChange={[Function]}
      type="password"
      value=""
    />
    <button
      disabled={false}
      type="submit"
    >
      Submit
    </button>
  </form>
</div>
`;

exports[`Formik renders correctly 1`] = `
.c0 {
  background: red;
  color: #fff;
  border-radius: 4px;
  cursor: pointer;
  font-size: 1rem;
  font-weight: 300;
  padding: 9px 36px;
}

<button
  className="c0"
>
  Test
</button>
`;
